// Jest Snapshot v1, https://goo.gl/fbAQLP

exports[`cart renders proper DOM elements snapshot of cart with books 1`] = `
<div>
  <div
    id="cartWrapper"
  >
    <div
      id="cart"
    >
      <button
        id="removeAllButton"
      >
        remove all
      </button>
      <div
        class="bookInCart"
        data-testid="bookInCart"
      >
        <img
          alt="title"
          class="cartBookImage"
          src="smth"
        />
        <div
          class="titleAndAuthor"
        >
          <p
            class="titleCart"
          >
            title
          </p>
          <p
            class="authorCart"
          >
            author
          </p>
        </div>
        <div
          class="priceBlock"
        >
          <p
            class="priceForOne"
            data-testid="priceForOne"
          >
            One: $
            10.00
          </p>
          <p
            data-testid="priceForMultiple"
          >
            Total: 
            $20.00
          </p>
        </div>
        <div
          class="inputBlock"
        >
          <button
            class="cartInputButton"
            name="1"
          >
            -
          </button>
          <input
            class="inputInShop"
            data-testid="amountInput"
            name="1"
            type="number"
            value="2"
          />
          <button
            class="cartInputButton"
            name="1"
          >
            +
          </button>
        </div>
        <img
          alt="deleteIcon"
          class="deleteImage"
          name="1"
          src="bin.svg"
        />
      </div>
      <div
        class="bookInCart"
        data-testid="bookInCart"
      >
        <img
          alt="title1"
          class="cartBookImage"
          src="smth1"
        />
        <div
          class="titleAndAuthor"
        >
          <p
            class="titleCart"
          >
            title1
          </p>
          <p
            class="authorCart"
          >
            author1
          </p>
        </div>
        <div
          class="priceBlock"
        >
          <p
            class="priceCart"
            data-testid="priceOnlyForOne"
          >
            $
            12.00
          </p>
        </div>
        <div
          class="inputBlock"
        >
          <button
            class="cartInputButton"
            name="2"
          >
            -
          </button>
          <input
            class="inputInShop"
            data-testid="amountInput"
            name="2"
            type="number"
            value="1"
          />
          <button
            class="cartInputButton"
            name="2"
          >
            +
          </button>
        </div>
        <img
          alt="deleteIcon"
          class="deleteImage"
          name="2"
          src="bin.svg"
        />
      </div>
    </div>
    <div
      id="payment"
    >
      <p
        id="totalPriceText"
      >
        Order total
      </p>
      <p
        id="totalPrice"
      >
        $
        32.00
      </p>
      <button
        id="payButton"
      >
        Pay
      </button>
    </div>
  </div>
</div>
`;

exports[`cart renders proper DOM elements snapshot of empty cart 1`] = `
<div>
  <div
    id="emptyCartInfo"
  >
    <p
      id="emptyCartText"
    >
      Your cart is empty
    </p>
    <a
      href="/shop"
      id="cartToShop"
    >
      Fill it in!
    </a>
  </div>
</div>
`;
